// Jest Snapshot v1, https://goo.gl/fbAQLP

exports[`Card matches snapshot 1`] = `
ShallowWrapper {
  "length": 1,
  Symbol(enzyme.__root__): [Circular],
  Symbol(enzyme.__unrendered__): <CardDetails />,
  Symbol(enzyme.__renderer__): Object {
    "batchedUpdates": [Function],
    "getNode": [Function],
    "render": [Function],
    "simulateEvent": [Function],
    "unmount": [Function],
  },
  Symbol(enzyme.__node__): Object {
    "instance": null,
    "key": undefined,
    "nodeType": "host",
    "props": Object {
      "children": <div
        className="selected card"
>
        <Link
                className="favorite"
                replace={false}
                to="/undefined"
        >
                Selected Card
        </Link>
        <h1 />
        <div
                className="pic"
        />
</div>,
    },
    "ref": null,
    "rendered": Object {
      "instance": null,
      "key": undefined,
      "nodeType": "host",
      "props": Object {
        "children": Array [
          <Link
            className="favorite"
            replace={false}
            to="/undefined"
>
            Selected Card
</Link>,
          <h1 />,
          <div
            className="pic"
/>,
        ],
        "className": "selected card",
      },
      "ref": null,
      "rendered": Array [
        Object {
          "instance": null,
          "key": undefined,
          "nodeType": "class",
          "props": Object {
            "children": "Selected Card",
            "className": "favorite",
            "replace": false,
            "to": "/undefined",
          },
          "ref": null,
          "rendered": "Selected Card",
          "type": [Function],
        },
        Object {
          "instance": null,
          "key": undefined,
          "nodeType": "host",
          "props": Object {
            "children": undefined,
          },
          "ref": null,
          "rendered": null,
          "type": "h1",
        },
        Object {
          "instance": null,
          "key": undefined,
          "nodeType": "host",
          "props": Object {
            "className": "pic",
          },
          "ref": null,
          "rendered": null,
          "type": "div",
        },
      ],
      "type": "div",
    },
    "type": "div",
  },
  Symbol(enzyme.__nodes__): Array [
    Object {
      "instance": null,
      "key": undefined,
      "nodeType": "host",
      "props": Object {
        "children": <div
          className="selected card"
>
          <Link
                    className="favorite"
                    replace={false}
                    to="/undefined"
          >
                    Selected Card
          </Link>
          <h1 />
          <div
                    className="pic"
          />
</div>,
      },
      "ref": null,
      "rendered": Object {
        "instance": null,
        "key": undefined,
        "nodeType": "host",
        "props": Object {
          "children": Array [
            <Link
              className="favorite"
              replace={false}
              to="/undefined"
>
              Selected Card
</Link>,
            <h1 />,
            <div
              className="pic"
/>,
          ],
          "className": "selected card",
        },
        "ref": null,
        "rendered": Array [
          Object {
            "instance": null,
            "key": undefined,
            "nodeType": "class",
            "props": Object {
              "children": "Selected Card",
              "className": "favorite",
              "replace": false,
              "to": "/undefined",
            },
            "ref": null,
            "rendered": "Selected Card",
            "type": [Function],
          },
          Object {
            "instance": null,
            "key": undefined,
            "nodeType": "host",
            "props": Object {
              "children": undefined,
            },
            "ref": null,
            "rendered": null,
            "type": "h1",
          },
          Object {
            "instance": null,
            "key": undefined,
            "nodeType": "host",
            "props": Object {
              "className": "pic",
            },
            "ref": null,
            "rendered": null,
            "type": "div",
          },
        ],
        "type": "div",
      },
      "type": "div",
    },
  ],
  Symbol(enzyme.__options__): Object {
    "adapter": ReactSixteenAdapter {
      "options": Object {
        "enableComponentDidUpdateOnSetState": true,
      },
    },
    "disableLifecycleMethods": true,
  },
}
`;
