// Jest Snapshot v1, https://goo.gl/fbAQLP

exports[`makeApiCall should match snapshot 1`] = `[Function]`;
