// Jest Snapshot v1, https://goo.gl/fbAQLP

exports[`app matches snapshot 1`] = `undefined`;
