// Jest Snapshot v1, https://goo.gl/fbAQLP

exports[`Card matches snapshot 1`] = `
ShallowWrapper {
  "length": 1,
  Symbol(enzyme.__root__): [Circular],
  Symbol(enzyme.__unrendered__): <Card
    clicked={false}
    data={Object {}}
    findCard={[Function]}
    id={2}
/>,
  Symbol(enzyme.__renderer__): Object {
    "batchedUpdates": [Function],
    "getNode": [Function],
    "render": [Function],
    "simulateEvent": [Function],
    "unmount": [Function],
  },
  Symbol(enzyme.__node__): Object {
    "instance": null,
    "key": undefined,
    "nodeType": "host",
    "props": Object {
      "children": Array [
        <div
          className="favoriteBar"
>
          <h2
                    className="name"
          >
                    Name: undefined
          </h2>
</div>,
        <div
          className="cardText"
>
          <div
                    className="redidentsBox"
          >
                    <h2
                              className="residents"
                    />
          </div>
</div>,
      ],
      "className": "card",
      "onClick": [Function],
    },
    "ref": null,
    "rendered": Array [
      Object {
        "instance": null,
        "key": undefined,
        "nodeType": "host",
        "props": Object {
          "children": <h2
            className="name"
>
            Name: undefined
</h2>,
          "className": "favoriteBar",
        },
        "ref": null,
        "rendered": Object {
          "instance": null,
          "key": undefined,
          "nodeType": "host",
          "props": Object {
            "children": "Name: undefined",
            "className": "name",
          },
          "ref": null,
          "rendered": "Name: undefined",
          "type": "h2",
        },
        "type": "div",
      },
      Object {
        "instance": null,
        "key": undefined,
        "nodeType": "host",
        "props": Object {
          "children": Array [
            Array [],
            <div
              className="redidentsBox"
>
              <h2
                            className="residents"
              />
</div>,
          ],
          "className": "cardText",
        },
        "ref": null,
        "rendered": Array [
          Object {
            "instance": null,
            "key": undefined,
            "nodeType": "host",
            "props": Object {
              "children": <h2
                className="residents"
/>,
              "className": "redidentsBox",
            },
            "ref": null,
            "rendered": Object {
              "instance": null,
              "key": undefined,
              "nodeType": "host",
              "props": Object {
                "children": undefined,
                "className": "residents",
              },
              "ref": null,
              "rendered": null,
              "type": "h2",
            },
            "type": "div",
          },
        ],
        "type": "div",
      },
    ],
    "type": "div",
  },
  Symbol(enzyme.__nodes__): Array [
    Object {
      "instance": null,
      "key": undefined,
      "nodeType": "host",
      "props": Object {
        "children": Array [
          <div
            className="favoriteBar"
>
            <h2
                        className="name"
            >
                        Name: undefined
            </h2>
</div>,
          <div
            className="cardText"
>
            <div
                        className="redidentsBox"
            >
                        <h2
                                    className="residents"
                        />
            </div>
</div>,
        ],
        "className": "card",
        "onClick": [Function],
      },
      "ref": null,
      "rendered": Array [
        Object {
          "instance": null,
          "key": undefined,
          "nodeType": "host",
          "props": Object {
            "children": <h2
              className="name"
>
              Name: undefined
</h2>,
            "className": "favoriteBar",
          },
          "ref": null,
          "rendered": Object {
            "instance": null,
            "key": undefined,
            "nodeType": "host",
            "props": Object {
              "children": "Name: undefined",
              "className": "name",
            },
            "ref": null,
            "rendered": "Name: undefined",
            "type": "h2",
          },
          "type": "div",
        },
        Object {
          "instance": null,
          "key": undefined,
          "nodeType": "host",
          "props": Object {
            "children": Array [
              Array [],
              <div
                className="redidentsBox"
>
                <h2
                                className="residents"
                />
</div>,
            ],
            "className": "cardText",
          },
          "ref": null,
          "rendered": Array [
            Object {
              "instance": null,
              "key": undefined,
              "nodeType": "host",
              "props": Object {
                "children": <h2
                  className="residents"
/>,
                "className": "redidentsBox",
              },
              "ref": null,
              "rendered": Object {
                "instance": null,
                "key": undefined,
                "nodeType": "host",
                "props": Object {
                  "children": undefined,
                  "className": "residents",
                },
                "ref": null,
                "rendered": null,
                "type": "h2",
              },
              "type": "div",
            },
          ],
          "type": "div",
        },
      ],
      "type": "div",
    },
  ],
  Symbol(enzyme.__options__): Object {
    "adapter": ReactSixteenAdapter {
      "options": Object {
        "enableComponentDidUpdateOnSetState": true,
      },
    },
    "disableLifecycleMethods": true,
  },
}
`;
